src/App.tsx(1,1): error TS6133: 'React' is declared but its value is never read.
src/components/FadeIn.tsx(1,1): error TS6133: 'React' is declared but its value is never read.
src/components/Features.tsx(1,1): error TS6133: 'React' is declared but its value is never read.
src/components/Hero.tsx(1,1): error TS6133: 'React' is declared but its value is never read.
src/components/Hero.tsx(39,11): error TS17001: JSX elements cannot have multiple attributes with the same name.
src/components/Pricing.tsx(1,1): error TS6133: 'React' is declared but its value is never read.
src/components/Specs.tsx(1,1): error TS6133: 'React' is declared but its value is never read.
src/components/Story.tsx(1,1): error TS6133: 'React' is declared but its value is never read.
src/components/Video.tsx(1,1): error TS6133: 'React' is declared but its value is never read.
